
> orbitos@0.1.0 build
> next build

node.exe : 
At C:\Program 
Files\nodejs\npm.ps1:29 
char:3
+   & $NODE_EXE 
$NPM_CLI_JS $args
+   ~~~~~~~~~~~~~~~~~~~~~~~
~~~~~~
    + CategoryInfo         
     : NotSpecified: (:St  
  ring) [], RemoteExcept   
 ion
    + FullyQualifiedErrorI 
   d : NativeCommandError
 
> Build error occurred
Error: Configuring Next.js 
via 'next.config.ts' is 
not supported. Please 
replace the file with 
'next.config.js' or 
'next.config.mjs'.
    at loadConfig 
(C:\Users\Bear Mdlalose\Des
ktop\dev.hub\OrbitOS\node_m
odules\next\dist\server\con
fig.js:800:19)
    at async 
Span.traceAsyncFn 
(C:\Users\Bear Mdlalose\Des
ktop\dev.hub\OrbitOS\node_m
odules\next\dist\trace\trac
e.js:154:20)
    at async C:\Users\Bear 
Mdlalose\Desktop\dev.hub\Or
bitOS\node_modules\next\dis
t\build\index.js:374:28
    at async 
Span.traceAsyncFn 
(C:\Users\Bear Mdlalose\Des
ktop\dev.hub\OrbitOS\node_m
odules\next\dist\trace\trac
e.js:154:20)
    at async build 
(C:\Users\Bear Mdlalose\Des
ktop\dev.hub\OrbitOS\node_m
odules\next\dist\build\inde
x.js:368:9)
